[2026-05-28 17:28:01,190: INFO: main: Welcome to Python Advance Batch-1 logs:]
[2026-05-29 17:25:21,945: INFO: common: YAML file config\config.yaml loaded successfully:]
[2026-05-29 17:26:13,293: INFO: common: YAML file config\config.yaml loaded successfully:]
[2026-05-29 17:32:01,810: INFO: common: YAML file config\config.yaml loaded successfully:]
[2026-05-29 17:32:01,818: INFO: common: YAML file params.yaml loaded successfully:]
[2026-05-29 17:32:01,822: INFO: common: created directory at: artifacts:]
[2026-05-29 17:32:01,824: INFO: common: created directory at: artifacts/data_ingestion:]
[2026-05-29 17:32:14,078: INFO: 4037744573: artifacts/data_ingestion/data.zip download! with following info: 
Connection: close
Content-Length: 11616915
Cache-Control: max-age=300
Content-Security-Policy: default-src 'none'; style-src 'unsafe-inline'; sandbox
Content-Type: application/zip
ETag: "adf745abc03891fe493c3be264ec012691fe3fa21d861f35a27edbe6d86a76b1"
Strict-Transport-Security: max-age=31536000
X-Content-Type-Options: nosniff
X-Frame-Options: deny
X-XSS-Protection: 1; mode=block
X-GitHub-Request-Id: A31A:2FB4BD:80E934:9CFEAA:6A197931
Accept-Ranges: bytes
Date: Fri, 29 May 2026 12:01:59 GMT
Via: 1.1 varnish
X-Served-By: cache-del-vibw2260033-DEL
X-Cache: HIT
X-Cache-Hits: 0
X-Timer: S1780056119.064270,VS0,VE2
Vary: Authorization,Accept-Encoding
Access-Control-Allow-Origin: *
Cross-Origin-Resource-Policy: cross-origin
X-Fastly-Request-ID: 3c0cfb109c8ea325c4e689bbb5e6ac631d7118fb
Expires: Fri, 29 May 2026 12:06:59 GMT
Source-Age: 183

:]
[2026-06-02 16:57:40,769: INFO: main: >>>>>> Data Ingestion Stage started <<<<<<:]
[2026-06-02 16:57:40,773: INFO: common: YAML file config\config.yaml loaded successfully:]
[2026-06-02 16:57:40,776: INFO: common: YAML file params.yaml loaded successfully:]
[2026-06-02 16:57:40,777: INFO: common: created directory at: artifacts:]
[2026-06-02 16:57:40,778: INFO: common: created directory at: artifacts/data_ingestion:]
[2026-06-02 16:57:40,779: INFO: data_ingestion: File already exists of size: ~ 11345 KB:]
[2026-06-02 16:57:41,281: INFO: main: >>>>>> Data Ingestion Stage completed <<<<<<

x==========x:]
[2026-06-03 16:58:43,336: INFO: common: YAML file config\config.yaml loaded successfully:]
[2026-06-03 16:58:43,377: INFO: common: YAML file params.yaml loaded successfully:]
[2026-06-03 16:58:43,379: INFO: common: created directory at: artifacts:]
[2026-06-03 16:58:43,381: INFO: common: created directory at: artifacts/prepare_base_model:]
[2026-06-03 17:10:14,887: INFO: common: YAML file config\config.yaml loaded successfully:]
[2026-06-03 17:10:14,898: INFO: common: YAML file params.yaml loaded successfully:]
[2026-06-03 17:10:14,902: INFO: common: created directory at: artifacts:]
[2026-06-03 17:10:14,907: INFO: common: created directory at: artifacts/prepare_base_model:]
[2026-06-03 17:10:15,626: WARNING: saving_api: You are saving your model as an HDF5 file via `model.save()` or `keras.saving.save_model(model)`. This file format is considered legacy. We recommend using instead the native Keras format, e.g. `model.save('my_model.keras')` or `keras.saving.save_model(model, 'my_model.keras')`. :]
[2026-06-03 17:10:15,952: WARNING: config: TensorFlow GPU support is not available on native Windows for TensorFlow >= 2.11. Even if CUDA/cuDNN are installed, GPU will not be used. Please use WSL2 or the TensorFlow-DirectML plugin.:]
[2026-06-03 17:10:16,125: WARNING: saving_api: You are saving your model as an HDF5 file via `model.save()` or `keras.saving.save_model(model)`. This file format is considered legacy. We recommend using instead the native Keras format, e.g. `model.save('my_model.keras')` or `keras.saving.save_model(model, 'my_model.keras')`. :]
[2026-06-03 17:18:46,369: INFO: main: >>>>>> Data Ingestion Stage started <<<<<<:]
[2026-06-03 17:18:46,373: INFO: common: YAML file config\config.yaml loaded successfully:]
[2026-06-03 17:18:46,375: INFO: common: YAML file params.yaml loaded successfully:]
[2026-06-03 17:18:46,376: INFO: common: created directory at: artifacts:]
[2026-06-03 17:18:46,377: INFO: common: created directory at: artifacts/data_ingestion:]
[2026-06-03 17:18:46,377: INFO: data_ingestion: File already exists of size: ~ 11345 KB:]
[2026-06-03 17:18:46,892: INFO: main: >>>>>> Data Ingestion Stage completed <<<<<<

x==========x:]
[2026-06-03 17:18:46,893: INFO: main: >>>>>> Prepare Base Model started <<<<<<:]
[2026-06-03 17:18:46,895: INFO: common: YAML file config\config.yaml loaded successfully:]
[2026-06-03 17:18:46,896: INFO: common: YAML file params.yaml loaded successfully:]
[2026-06-03 17:18:46,897: INFO: common: created directory at: artifacts:]
[2026-06-03 17:18:46,897: INFO: common: created directory at: artifacts/prepare_base_model:]
[2026-06-03 17:18:47,902: WARNING: saving_api: You are saving your model as an HDF5 file via `model.save()` or `keras.saving.save_model(model)`. This file format is considered legacy. We recommend using instead the native Keras format, e.g. `model.save('my_model.keras')` or `keras.saving.save_model(model, 'my_model.keras')`. :]
[2026-06-03 17:18:48,187: WARNING: config: TensorFlow GPU support is not available on native Windows for TensorFlow >= 2.11. Even if CUDA/cuDNN are installed, GPU will not be used. Please use WSL2 or the TensorFlow-DirectML plugin.:]
[2026-06-03 17:18:48,320: WARNING: saving_api: You are saving your model as an HDF5 file via `model.save()` or `keras.saving.save_model(model)`. This file format is considered legacy. We recommend using instead the native Keras format, e.g. `model.save('my_model.keras')` or `keras.saving.save_model(model, 'my_model.keras')`. :]
[2026-06-03 17:18:48,550: INFO: main: >>>>>> Prepare Base Model completed <<<<<<

x==========x:]
